// Jest Snapshot v1, https://goo.gl/fbAQLP

exports[`index Should print help text with no arguments 1`] = `
[Error: Command failed: node .
 <command>

Commands:
  serve <entry>           Lambda Development Server
  build <entry> <target>  Bundle Lambda functions

Options:
  --help      Show help                                                [boolean]
  --version   Show version number                                      [boolean]
  --node, -n  Target Node.js version, used with @babel/preset-env
                                                      [string] [default: "8.10"]

Not enough non-option arguments: got 0, need at least 1
]
`;
